[      94ms] [INFO] %cDownload the React DevTools for a better development experience: https://react.dev/link/react-devtools font-weight:bold @ http://localhost:5175/node_modules/.vite/deps/react-dom_client.js?v=f30de306:19834
[   14117ms] [LOG] THREE.WebGLRenderer: Context Lost. @ http://localhost:5175/node_modules/.vite/deps/chunk-J77O4MBB.js?v=53cacf56:30420
[  116947ms] [INFO] %cDownload the React DevTools for a better development experience: https://react.dev/link/react-devtools font-weight:bold @ http://localhost:5175/node_modules/.vite/deps/react-dom_client.js?v=f30de306:19834
[  122850ms] [INFO] %cDownload the React DevTools for a better development experience: https://react.dev/link/react-devtools font-weight:bold @ http://localhost:5175/node_modules/.vite/deps/react-dom_client.js?v=3cff8a25:19834
[  180526ms] [LOG] [vite] server connection lost. Polling for restart... @ http://localhost:5175/@vite/client:963
[  180539ms] [ERROR] WebSocket connection to 'ws://localhost:5175/' failed: Error during WebSocket handshake: net::ERR_CONNECTION_RESET @ http://localhost:5175/@vite/client:1034
[  181543ms] [ERROR] WebSocket connection to 'ws://localhost:5175/' failed: Error in connection establishment: net::ERR_CONNECTION_REFUSED @ http://localhost:5175/@vite/client:1034
[  182546ms] [ERROR] WebSocket connection to 'ws://localhost:5175/' failed: Error in connection establishment: net::ERR_CONNECTION_REFUSED @ http://localhost:5175/@vite/client:1034
[  183577ms] [ERROR] WebSocket connection to 'ws://localhost:5175/' failed: Error in connection establishment: net::ERR_CONNECTION_REFUSED @ http://localhost:5175/@vite/client:1034
[  184581ms] [ERROR] WebSocket connection to 'ws://localhost:5175/' failed: Error in connection establishment: net::ERR_CONNECTION_REFUSED @ http://localhost:5175/@vite/client:1034
[  185584ms] [ERROR] WebSocket connection to 'ws://localhost:5175/' failed: Error in connection establishment: net::ERR_CONNECTION_REFUSED @ http://localhost:5175/@vite/client:1034
[  186586ms] [ERROR] WebSocket connection to 'ws://localhost:5175/' failed: Error in connection establishment: net::ERR_CONNECTION_REFUSED @ http://localhost:5175/@vite/client:1034
[  187589ms] [ERROR] WebSocket connection to 'ws://localhost:5175/' failed: Error in connection establishment: net::ERR_CONNECTION_REFUSED @ http://localhost:5175/@vite/client:1034
[  188592ms] [ERROR] WebSocket connection to 'ws://localhost:5175/' failed: Error in connection establishment: net::ERR_CONNECTION_REFUSED @ http://localhost:5175/@vite/client:1034
[  189595ms] [ERROR] WebSocket connection to 'ws://localhost:5175/' failed: Error in connection establishment: net::ERR_CONNECTION_REFUSED @ http://localhost:5175/@vite/client:1034
[  190598ms] [ERROR] WebSocket connection to 'ws://localhost:5175/' failed: Error in connection establishment: net::ERR_CONNECTION_REFUSED @ http://localhost:5175/@vite/client:1034
[  191600ms] [ERROR] WebSocket connection to 'ws://localhost:5175/' failed: Error in connection establishment: net::ERR_CONNECTION_REFUSED @ http://localhost:5175/@vite/client:1034
[  192602ms] [ERROR] WebSocket connection to 'ws://localhost:5175/' failed: Error in connection establishment: net::ERR_CONNECTION_REFUSED @ http://localhost:5175/@vite/client:1034
[  193607ms] [ERROR] WebSocket connection to 'ws://localhost:5175/' failed: Error in connection establishment: net::ERR_CONNECTION_REFUSED @ http://localhost:5175/@vite/client:1034
[  194614ms] [ERROR] WebSocket connection to 'ws://localhost:5175/' failed: Error in connection establishment: net::ERR_CONNECTION_REFUSED @ http://localhost:5175/@vite/client:1034
[  195620ms] [ERROR] WebSocket connection to 'ws://localhost:5175/' failed: Error in connection establishment: net::ERR_CONNECTION_REFUSED @ http://localhost:5175/@vite/client:1034
[  196629ms] [ERROR] WebSocket connection to 'ws://localhost:5175/' failed: Error in connection establishment: net::ERR_CONNECTION_REFUSED @ http://localhost:5175/@vite/client:1034
[  197634ms] [ERROR] WebSocket connection to 'ws://localhost:5175/' failed: Error in connection establishment: net::ERR_CONNECTION_REFUSED @ http://localhost:5175/@vite/client:1034
[  200069ms] [INFO] %cDownload the React DevTools for a better development experience: https://react.dev/link/react-devtools font-weight:bold @ http://localhost:5175/node_modules/.vite/deps/react-dom_client.js?v=3cff8a25:19834
[10942220ms] [LOG] THREE.WebGLRenderer: Context Lost. @ http://localhost:5175/node_modules/.vite/deps/chunk-J77O4MBB.js?v=3cff8a25:30420
